// Vitest Snapshot v1, https://vitest.dev/guide/snapshot.html

exports[`a full scripted combat > is stable enough to keep a golden log 1`] = `
[
  "0 combat_start",
  "0 draw",
  "0 draw",
  "0 draw",
  "0 draw",
  "0 draw",
  "0 act",
  "0 damage",
  "0 draw",
  "0 act",
  "0 damage",
  "1 act",
  "1 perjury_sworn",
  "1 draw",
  "2 act",
  "2 slip",
  "2 draw",
  "3 act",
  "3 draw",
  "3 draw",
  "3 reshuffle",
  "3 draw",
  "4 act",
  "4 damage",
  "4 draw",
  "5 perjury_resolved",
  "5 damage",
  "7 act",
  "7 damage",
  "9 act",
  "9 guard",
  "9 draw",
  "10 act",
  "10 guard",
  "10 reshuffle",
  "10 draw",
  "11 act",
  "11 bleed",
  "11 draw",
  "11 bleed_tick",
  "11 damage",
  "11 act",
  "11 damage",
  "12 act",
  "12 damage",
  "12 death",
  "12 draw",
  "12 combat_end",
]
`;
